I (24) boot: ESP-IDF v6.0-dev-2367-g5c5eb99eab 2nd stage bootloader
I (25) boot: compile time Jun 13 2026 00:52:45
I (25) boot: Multicore bootloader
I (26) boot: chip revision: v0.2
I (29) boot: efuse block revision: v1.3
I (33) boot.esp32s3: Boot SPI Speed : 80MHz
I (37) boot.esp32s3: SPI Mode       : DIO
I (40) boot.esp32s3: SPI Flash Size : 2MB
I (44) boot: Enabling RNG early entropy source...
I (49) boot: Partition Table:
I (51) boot: ## Label            Usage          Type ST Offset   Length
I (58) boot:  0 nvs              WiFi data        01 02 00009000 00006000
I (64) boot:  1 phy_init         RF data          01 01 0000f000 00001000
I (71) boot:  2 factory          factory app      00 00 00010000 00100000
I (77) boot: End of partition table
I (80) esp_image: segment 0: paddr=00010020 vaddr=3c080020 size=1ce0ch (118284) map
I (109) esp_image: segment 1: paddr=0002ce34 vaddr=3fc91700 size=02dc0h ( 11712) load
I (112) esp_image: segment 2: paddr=0002fbfc vaddr=40374000 size=0041ch (  1052) load
I (113) esp_image: segment 3: paddr=00030020 vaddr=42000020 size=73c88h (474248) map
I (205) esp_image: segment 4: paddr=000a3cb0 vaddr=4037441c size=0d27ch ( 53884) load
I (218) esp_image: segment 5: paddr=000b0f34 vaddr=50000000 size=00020h (    32) load
I (224) boot: Loaded app from partition at offset 0x10000
I (224) boot: Disabling RNG early entropy source...
I (235) cpu_start: Multicore app
I (244) cpu_start: GPIO 44 and 43 are used as console UART I/O pins
I (245) cpu_start: Pro cpu start user code
I (245) cpu_start: cpu freq: 160000000 Hz
I (246) app_init: Application information:
I (250) app_init: Project name:     modem_test
I (254) app_init: App version:      798e740
I (258) app_init: Compile time:     Jun 13 2026 01:50:36
I (263) app_init: ELF file SHA256:  d73d7667e...
I (267) app_init: ESP-IDF:          v6.0-dev-2367-g5c5eb99eab
I (273) efuse_init: Min chip rev:     v0.0
I (277) efuse_init: Max chip rev:     v0.99 
I (281) efuse_init: Chip rev:         v0.2
I (285) heap_init: Initializing. RAM available for dynamic allocation:
I (291) heap_init: At 3FC95F10 len 00053800 (334 KiB): RAM
I (296) heap_init: At 3FCE9710 len 00005724 (21 KiB): RAM
I (301) heap_init: At 3FCF0000 len 00008000 (32 KiB): DRAM
I (306) heap_init: At 600FE000 len 00001FE8 (7 KiB): RTCRAM
I (313) spi_flash: detected chip: generic
I (315) spi_flash: flash io: dio
W (318) spi_flash: Detected size(16384k) larger than the size in the binary image header(2048k). Using the size in the binary image header.
I (331) sleep_gpio: Configure to isolate all GPIO pins in sleep state
I (337) sleep_gpio: Enable automatic switching of GPIO sleep configuration
I (344) main_task: Started on CPU0
I (354) main_task: Calling app_main()
I (354) APP: Инициализация устройства...
I (354) LED: Индикатор инициализирован на GPIO 18
I (364) APP: Инициализация модема
I (2864) uart: queue free spaces: 30
W (3364) MODEM_DRIVER: Модем не ответил на AT-команды: ESP_ERR_TIMEOUT! Попытка синхронизации 1 из 5
W (6364) MODEM_DRIVER: Модем не ответил на AT-команды: ESP_ERR_TIMEOUT! Попытка синхронизации 2 из 5
E (19074) MODEM_DRIVER: Не удалось перевести модем в режим CMUX: ESP_FAIL
E (19074) APP: Не удалось поднять сеть модема!

abort() was called at PC 0x4200df5b on core 0
--- 0x4200df5b: app_start at /home/misha_che/projects/esp32/modem_test/components/app/src/app.c:90


Backtrace: 0x4037a315:0x3fc98780 0x4037a2dd:0x3fc987a0 0x40379169:0x3fc987c0 0x4200df5b:0x3fc98830 0x4200ddd1:0x3fc98850 0x4200732f:0x3fc988b0 0x42070c76:0x3fc988e0
--- 0x4037a315: panic_abort at /home/misha_che/esp/esp-idf/components/esp_system/panic.c:480
--- 0x4037a2dd: esp_system_abort at /home/misha_che/esp/esp-idf/components/esp_system/port/esp_system_chip.c:87
--- 0x40379169: abort at /home/misha_che/esp/esp-idf/components/esp_libc/src/abort.c:38
--- 0x4200df5b: app_start at /home/misha_che/projects/esp32/modem_test/components/app/src/app.c:90
--- 0x4200ddd1: app_main at /home/misha_che/projects/esp32/modem_test/main/main.c:39
--- 0x4200732f: main_task at /home/misha_che/esp/esp-idf/components/freertos/app_startup.c:208
--- 0x42070c76: vPortTaskWrapper at /home/misha_che/esp/esp-idf/components/freertos/FreeRTOS-Kernel/portable/xtensa/port.c:139




ELF file SHA256: d73d7667e

Rebooting...
ESP-ROM:esp32s3-20210327
Build:Mar 27 2021
rst:0xc (RTC_SW_CPU_RST),boot:0x8 (SPI_FAST_FLASH_BOOT)
Saved PC:0x4037a465
--- 0x4037a465: esp_restart_noos at /home/misha_che/esp/esp-idf/components/esp_system/port/soc/esp32s3/system_internal.c:164
SPIWP:0xee
mode:DIO, clock div:1
load:0x3fce2820,len:0x1588
load:0x403c8700,len:0xd7c
load:0x403cb700,len:0x2f80
entry 0x403c8908